Microchip MPLAB XC8 Compiler V2.31

Linker command line:

-W-3 --edf=C:\Program Files\Microchip\xc8\v2.31\pic\dat\en_msgs.txt -cn \
  -h+dist/default/production\InvertedPendulum.X.production.sym \
  --cmf=dist/default/production\InvertedPendulum.X.production.cmf -z \
  -Q16F18857 -oC:\Users\raimu\AppData\Local\Temp\s1oo.2 \
  --defsym=__MPLAB_BUILD=1 \
  -Mdist/default/production/InvertedPendulum.X.production.map -E1 \
  -ver=XC8 Compiler --acfsm=1493 -ASTACK=02085h-02FEFh -pstack=STACK \
  -ACODE=00h-07FFhx16 -ASTRCODE=00h-07FFFh -ASTRING=00h-0FFhx128 \
  -ACONST=00h-0FFhx128 -AENTRY=00h-0FFhx128 -ACOMMON=070h-07Fh \
  -ABANK0=020h-06Fh -ABANK1=0A0h-0EFh -ABANK2=0120h-016Fh \
  -ABANK3=01A0h-01EFh -ABANK4=0220h-026Fh -ABANK5=02A0h-02EFh \
  -ABANK6=0320h-036Fh -ABANK7=03A0h-03EFh -ABANK8=0420h-046Fh \
  -ABANK9=04A0h-04EFh -ABANK10=0520h-056Fh -ABANK11=05A0h-05EFh \
  -ABANK12=0620h-066Fh -ABANK13=06A0h-06EFh -ABANK14=0720h-076Fh \
  -ABANK15=07A0h-07EFh -ABANK16=0820h-086Fh -ABANK17=08A0h-08EFh \
  -ABANK18=0920h-096Fh -ABANK19=09A0h-09EFh -ABANK20=0A20h-0A6Fh \
  -ABANK21=0AA0h-0AEFh -ABANK22=0B20h-0B6Fh -ABANK23=0BA0h-0BEFh \
  -ABANK24=0C20h-0C6Fh -ABANK25=0CA0h-0CEFh -ABANK26=0D20h-0D6Fh \
  -ABANK27=0DA0h-0DEFh -ABANK28=0E20h-0E6Fh -ABANK29=0EA0h-0EEFh \
  -ABANK30=0F20h-0F6Fh -ABANK31=0FA0h-0FEFh -ABANK32=01020h-0106Fh \
  -ABANK33=010A0h-010EFh -ABANK34=01120h-0116Fh -ABANK35=011A0h-011EFh \
  -ABANK36=01220h-0126Fh -ABANK37=012A0h-012EFh -ABANK38=01320h-0136Fh \
  -ABANK39=013A0h-013EFh -ABANK40=01420h-0146Fh -ABANK41=014A0h-014EFh \
  -ABANK42=01520h-0156Fh -ABANK43=015A0h-015EFh -ABANK44=01620h-0166Fh \
  -ABANK45=016A0h-016EFh -ABANK46=01720h-0176Fh -ABANK47=017A0h-017EFh \
  -ABANK48=01820h-0186Fh -ABANK49=018A0h-018EFh -ABANK50=01920h-0196Fh \
  -ABIGRAM=02000h-02FEFh \
  -ARAM=020h-06Fh,0A0h-0EFh,0120h-016Fh,01A0h-01EFh,0220h-026Fh,02A0h-02EFh,0320h-036Fh,03A0h-03EFh,0420h-046Fh,04A0h-04EFh,0520h-056Fh,05A0h-05EFh,0620h-066Fh,06A0h-06EFh,0720h-076Fh,07A0h-07EFh,0820h-086Fh,08A0h-08EFh,0920h-096Fh,09A0h-09EFh,0A20h-0A6Fh,0AA0h-0AEFh,0B20h-0B6Fh,0BA0h-0BEFh,0C20h-0C6Fh,0CA0h-0CEFh,0D20h-0D6Fh,0DA0h-0DEFh,0E20h-0E6Fh,0EA0h-0EEFh,0F20h-0F6Fh,0FA0h-0FEFh,01020h-0106Fh,010A0h-010EFh,01120h-0116Fh,011A0h-011EFh,01220h-0126Fh,012A0h-012EFh,01320h-0136Fh,013A0h-013EFh,01420h-0146Fh,014A0h-014EFh,01520h-0156Fh,015A0h-015EFh,01620h-0166Fh,016A0h-016EFh,01720h-0176Fh,017A0h-017EFh,01820h-0186Fh,018A0h-018EFh,01920h-0196Fh \
  -AABS1=020h-07Fh,0A0h-0EFh,0120h-016Fh,01A0h-01EFh,0220h-026Fh,02A0h-02EFh,0320h-036Fh,03A0h-03EFh,0420h-046Fh,04A0h-04EFh,0520h-056Fh,05A0h-05EFh,0620h-066Fh,06A0h-06EFh,0720h-076Fh,07A0h-07EFh,0820h-086Fh,08A0h-08EFh,0920h-096Fh,09A0h-09EFh,0A20h-0A6Fh,0AA0h-0AEFh,0B20h-0B6Fh,0BA0h-0BEFh,0C20h-0C6Fh,0CA0h-0CEFh,0D20h-0D6Fh,0DA0h-0DEFh,0E20h-0E6Fh,0EA0h-0EEFh,0F20h-0F6Fh,0FA0h-0FEFh,01020h-0106Fh,010A0h-010EFh,01120h-0116Fh,011A0h-011EFh,01220h-0126Fh,012A0h-012EFh,01320h-0136Fh,013A0h-013EFh,01420h-0146Fh,014A0h-014EFh,01520h-0156Fh,015A0h-015EFh,01620h-0166Fh,016A0h-016EFh,01720h-0176Fh,017A0h-017EFh,01820h-0186Fh,018A0h-018EFh,01920h-0196Fh \
  -ASFR0=00h-01Fh -ASFR1=080h-09Fh -ASFR2=0100h-011Fh -ASFR3=0180h-019Fh \
  -ASFR4=0200h-021Fh -ASFR5=0280h-029Fh -ASFR6=0300h-031Fh \
  -ASFR7=0380h-039Fh -ASFR8=0400h-041Fh -ASFR9=0480h-049Fh \
  -ASFR10=0500h-051Fh -ASFR11=0580h-059Fh -ASFR12=0600h-061Fh \
  -ASFR13=0680h-069Fh -ASFR14=0700h-071Fh -ASFR15=0780h-079Fh \
  -ASFR16=0800h-081Fh -ASFR17=0880h-089Fh -ASFR18=0900h-091Fh \
  -ASFR19=0980h-099Fh -ASFR20=0A00h-0A1Fh -ASFR21=0A80h-0A9Fh \
  -ASFR22=0B00h-0B1Fh -ASFR23=0B80h-0B9Fh -ASFR24=0C00h-0C1Fh \
  -ASFR25=0C80h-0C9Fh -ASFR26=0D00h-0D1Fh -ASFR27=0D80h-0D9Fh \
  -ASFR28=0E00h-0E1Fh -ASFR29=0E80h-0E9Fh -ASFR30=0F00h-0F1Fh \
  -ASFR31=0F80h-0F9Fh -ASFR32=01000h-0101Fh -ASFR33=01080h-0109Fh \
  -ASFR34=01100h-0111Fh -ASFR35=01180h-0119Fh -ASFR36=01200h-0121Fh \
  -ASFR37=01280h-0129Fh -ASFR38=01300h-0131Fh -ASFR39=01380h-0139Fh \
  -ASFR40=01400h-0141Fh -ASFR41=01480h-0149Fh -ASFR42=01500h-0151Fh \
  -ASFR43=01580h-0159Fh -ASFR44=01600h-0161Fh -ASFR45=01680h-0169Fh \
  -ASFR46=01700h-0171Fh -ASFR47=01780h-0179Fh -ASFR48=01800h-0181Fh \
  -ASFR49=01880h-0189Fh -ASFR50=01900h-0191Fh -ASFR51=01980h-019EFh \
  -ASFR52=01A00h-01A6Fh -ASFR53=01A80h-01AEFh -ASFR54=01B00h-01B6Fh \
  -ASFR55=01B80h-01BEFh -ASFR56=01C00h-01C6Fh -ASFR57=01C80h-01CEFh \
  -ASFR58=01D00h-01D6Fh -ASFR59=01D80h-01DEFh -ASFR60=01E00h-01E6Fh \
  -ASFR61=01E80h-01EEFh -ASFR62=01F00h-01F6Fh -ASFR63=01F80h-01FEFh \
  -ACONFIG=08007h-0800Bh -DCONFIG=2 -AIDLOC=08000h-08003h -DIDLOC=2 \
  -AEEDATA=00h-0FFh/0F000h -peeprom_data=EEDATA -DEEDATA=2 -DCODE=2 \
  -DSTRCODE=2 -DSTRING=2 -DCONST=2 -DENTRY=2 \
  -preset_vec=00h,intentry,init,end_init -ppowerup=CODE -pcinit=CODE \
  -pfunctab=ENTRY -k C:\Users\raimu\AppData\Local\Temp\s1oo.o \
  dist/default/production\InvertedPendulum.X.production.o 

Object code version is 3.11

Machine type is 16F18857



                Name                               Link     Load   Length Selector   Space Scale
C:\Users\raimu\AppData\Local\Temp\s1oo.o
                end_init                              2        2        2        0       0
                reset_vec                             0        0        2        0       0
                config                             8007     8007        5        0       4
dist/default/production\InvertedPendulum.X.production.o
                cinit                               7E4      7E4       1C      FC8       0
                config                             8007     8007        5        0       4
                text25                              22D      22D       60      45A       0
                text24                              FE5      FE5        D     1FCA       0
                text23                              FCF      FCF        B     1F9E       0
                text22                              FDA      FDA        B     1FB4       0
                text21                               2A       2A       14       54       0
                text20                                C        C        F       18       0
                text19                              107      107       2C      20E       0
                text18                               1B       1B        F       36       0
                text17                               9F       9F       1F      13E       0
                text16                               54       54       18       A8       0
                text15                               BE       BE       21      17C       0
                text14                              28D      28D       AF      51A       0
                text13                              426      426      101      84C       0
                text12                              33C      33C       EA      678       0
                text11                               85       85       1A      10A       0
                text10                              FF2      FF2        E     1FE4       0
                text9                               FC9      FC9        6     1F92       0
                text8                               194      194       40      328       0
                text7                                DF       DF       28      1BE       0
                text6                                6C       6C       19       D8       0
                text5                               1D4      1D4       59      3A8       0
                text4                               676      676      16E      CEC       0
                text3                               527      527      14F      A4E       0
                text2                               163      163       31      2C6       0
                text1                                3E       3E       16       7C       0
                maintext                            133      133       30      266       0
                cstackBANK0                          20       20       50       20       1
                cstackCOMMON                         70       70        E       70       1
                cstackBANK1                          C9       C9        8       A0       1
                clrtext                               6        6        6        C       0
                dataBANK1                            D1       D1        4       A0       1
                bssBANK1                             A0       A0       29       A0       1
                stringtext1                        1000     1000        5     2000       0
                idataBANK1                          FC5      FC5        4     1F8A       0

TOTAL           Name                               Link     Load   Length     Space
        CLASS   STACK          

        CLASS   CODE           
                end_init                              2        2        2         0
                cinit                               7E4      7E4       1C         0
                reset_vec                             0        0        2         0
                text25                              22D      22D       60         0
                text24                              FE5      FE5        D         0
                text23                              FCF      FCF        B         0
                text22                              FDA      FDA        B         0
                text21                               2A       2A       14         0
                text20                                C        C        F         0
                text19                              107      107       2C         0
                text18                               1B       1B        F         0
                text17                               9F       9F       1F         0
                text16                               54       54       18         0
                text15                               BE       BE       21         0
                text14                              28D      28D       AF         0
                text13                              426      426      101         0
                text12                              33C      33C       EA         0
                text11                               85       85       1A         0
                text10                              FF2      FF2        E         0
                text9                               FC9      FC9        6         0
                text8                               194      194       40         0
                text7                                DF       DF       28         0
                text6                                6C       6C       19         0
                text5                               1D4      1D4       59         0
                text4                               676      676      16E         0
                text3                               527      527      14F         0
                text2                               163      163       31         0
                text1                                3E       3E       16         0
                maintext                            133      133       30         0
                clrtext                               6        6        6         0
                idataBANK1                          FC5      FC5        4         0

        CLASS   STRCODE        
                stringtext1                        1000     1000        5         0

        CLASS   STRING         

        CLASS   CONST          

        CLASS   ENTRY          

        CLASS   COMMON         
                cstackCOMMON                         70       70        E         1

        CLASS   BANK0          
                cstackBANK0                          20       20       50         1

        CLASS   BANK1          
                cstackBANK1                          C9       C9        8         1
                dataBANK1                            D1       D1        4         1
                bssBANK1                             A0       A0       29         1

        CLASS   BANK2          

        CLASS   BANK3          

        CLASS   BANK4          

        CLASS   BANK5          

        CLASS   BANK6          

        CLASS   BANK7          

        CLASS   BANK8          

        CLASS   BANK9          

        CLASS   BANK10         

        CLASS   BANK11         

        CLASS   BANK12         

        CLASS   BANK13         

        CLASS   BANK14         

        CLASS   BANK15         

        CLASS   BANK16         

        CLASS   BANK17         

        CLASS   BANK18         

        CLASS   BANK19         

        CLASS   BANK20         

        CLASS   BANK21         

        CLASS   BANK22         

        CLASS   BANK23         

        CLASS   BANK24         

        CLASS   BANK25         

        CLASS   BANK26         

        CLASS   BANK27         

        CLASS   BANK28         

        CLASS   BANK29         

        CLASS   BANK30         

        CLASS   BANK31         

        CLASS   BANK32         

        CLASS   BANK33         

        CLASS   BANK34         

        CLASS   BANK35         

        CLASS   BANK36         

        CLASS   BANK37         

        CLASS   BANK38         

        CLASS   BANK39         

        CLASS   BANK40         

        CLASS   BANK41         

        CLASS   BANK42         

        CLASS   BANK43         

        CLASS   BANK44         

        CLASS   BANK45         

        CLASS   BANK46         

        CLASS   BANK47         

        CLASS   BANK48         

        CLASS   BANK49         

        CLASS   BANK50         

        CLASS   BIGRAM         

        CLASS   RAM            

        CLASS   ABS1           
                abs_s1                               7E       7E        2         1

        CLASS   SFR0           

        CLASS   SFR1           

        CLASS   SFR2           

        CLASS   SFR3           

        CLASS   SFR4           

        CLASS   SFR5           

        CLASS   SFR6           

        CLASS   SFR7           

        CLASS   SFR8           

        CLASS   SFR9           

        CLASS   SFR10          

        CLASS   SFR11          

        CLASS   SFR12          

        CLASS   SFR13          

        CLASS   SFR14          

        CLASS   SFR15          

        CLASS   SFR16          

        CLASS   SFR17          

        CLASS   SFR18          

        CLASS   SFR19          

        CLASS   SFR20          

        CLASS   SFR21          

        CLASS   SFR22          

        CLASS   SFR23          

        CLASS   SFR24          

        CLASS   SFR25          

        CLASS   SFR26          

        CLASS   SFR27          

        CLASS   SFR28          

        CLASS   SFR29          

        CLASS   SFR30          

        CLASS   SFR31          

        CLASS   SFR32          

        CLASS   SFR33          

        CLASS   SFR34          

        CLASS   SFR35          

        CLASS   SFR36          

        CLASS   SFR37          

        CLASS   SFR38          

        CLASS   SFR39          

        CLASS   SFR40          

        CLASS   SFR41          

        CLASS   SFR42          

        CLASS   SFR43          

        CLASS   SFR44          

        CLASS   SFR45          

        CLASS   SFR46          

        CLASS   SFR47          

        CLASS   SFR48          

        CLASS   SFR49          

        CLASS   SFR50          

        CLASS   SFR51          

        CLASS   SFR52          

        CLASS   SFR53          

        CLASS   SFR54          

        CLASS   SFR55          

        CLASS   SFR56          

        CLASS   SFR57          

        CLASS   SFR58          

        CLASS   SFR59          

        CLASS   SFR60          

        CLASS   SFR61          

        CLASS   SFR62          

        CLASS   SFR63          

        CLASS   CONFIG         
                config                             8007     8007        5         4

        CLASS   IDLOC          

        CLASS   EEDATA         

        CLASS   BANK63         

        CLASS   BANK62         

        CLASS   BANK61         

        CLASS   BANK60         

        CLASS   BANK59         

        CLASS   BANK58         

        CLASS   BANK57         

        CLASS   BANK56         

        CLASS   BANK55         

        CLASS   BANK54         

        CLASS   BANK53         

        CLASS   BANK52         

        CLASS   BANK51         



SEGMENTS        Name                           Load    Length   Top    Selector   Space  Class     Delta

                reset_vec                      000000  000004  000004         0       0  CODE        2
                clrtext                        000006  000006  00000C         C       0  CODE        2
                text20                         00000C  00000F  00001B        18       0  CODE        2
                cstackBANK0                    000020  000050  000070        20       1  BANK0       1
                text18                         00001B  00000F  00002A        36       0  CODE        2
                text21                         00002A  000014  00003E        54       0  CODE        2
                cstackCOMMON                   000070  00000E  00007E        70       1  COMMON      1
                text1                          00003E  000016  000054        7C       0  CODE        2
                bssBANK1                       0000A0  000035  0000D5        A0       1  BANK1       1
                text16                         000054  000018  00006C        A8       0  CODE        2
                text6                          00006C  000019  000085        D8       0  CODE        2
                text11                         000085  00001A  00009F       10A       0  CODE        2
                text17                         00009F  00001F  0000BE       13E       0  CODE        2
                text15                         0000BE  000021  0000DF       17C       0  CODE        2
                text7                          0000DF  000028  000107       1BE       0  CODE        2
                text19                         000107  00002C  000133       20E       0  CODE        2
                maintext                       000133  000030  000163       266       0  CODE        2
                text2                          000163  000031  000194       2C6       0  CODE        2
                text8                          000194  000040  0001D4       328       0  CODE        2
                text5                          0001D4  000059  00022D       3A8       0  CODE        2
                text25                         00022D  000060  00028D       45A       0  CODE        2
                text14                         00028D  0000AF  00033C       51A       0  CODE        2
                text12                         00033C  0000EA  000426       678       0  CODE        2
                text13                         000426  000101  000527       84C       0  CODE        2
                text3                          000527  00014F  000676       A4E       0  CODE        2
                text4                          000676  00016E  0007E4       CEC       0  CODE        2
                cinit                          0007E4  00001C  000800       FC8       0  CODE        2
                idataBANK1                     000FC5  000004  000FC9      1F8A       0  CODE        2
                text9                          000FC9  000006  000FCF      1F92       0  CODE        2
                text23                         000FCF  00000B  000FDA      1F9E       0  CODE        2
                text22                         000FDA  00000B  000FE5      1FB4       0  CODE        2
                text24                         000FE5  00000D  000FF2      1FCA       0  CODE        2
                text10                         000FF2  00000E  001000      1FE4       0  CODE        2
                stringtext1                    001000  000005  001005      2000       0  STRCODE     2


UNUSED ADDRESS RANGES

        Name                Unused          Largest block    Delta
        BANK1            000D5-000EF              1B           1
        BANK10           00520-0056F              50           1
        BANK11           005A0-005EF              50           1
        BANK12           00620-0066F              50           1
        BANK13           006A0-006EF              50           1
        BANK14           00720-0076F              50           1
        BANK15           007A0-007EF              50           1
        BANK16           00820-0086F              50           1
        BANK17           008A0-008EF              50           1
        BANK18           00920-0096F              50           1
        BANK19           009A0-009EF              50           1
        BANK2            00120-0016F              50           1
        BANK20           00A20-00A6F              50           1
        BANK21           00AA0-00AEF              50           1
        BANK22           00B20-00B6F              50           1
        BANK23           00BA0-00BEF              50           1
        BANK24           00C20-00C6F              50           1
        BANK25           00CA0-00CEF              50           1
        BANK26           00D20-00D6F              50           1
        BANK27           00DA0-00DEF              50           1
        BANK28           00E20-00E6F              50           1
        BANK29           00EA0-00EEF              50           1
        BANK3            001A0-001EF              50           1
        BANK30           00F20-00F6F              50           1
        BANK31           00FA0-00FEF              50           1
        BANK32           01020-0106F              50           1
        BANK33           010A0-010EF              50           1
        BANK34           01120-0116F              50           1
        BANK35           011A0-011EF              50           1
        BANK36           01220-0126F              50           1
        BANK37           012A0-012EF              50           1
        BANK38           01320-0136F              50           1
        BANK39           013A0-013EF              50           1
        BANK4            00220-0026F              50           1
        BANK40           01420-0146F              50           1
        BANK41           014A0-014EF              50           1
        BANK42           01520-0156F              50           1
        BANK43           015A0-015EF              50           1
        BANK44           01620-0166F              50           1
        BANK45           016A0-016EF              50           1
        BANK46           01720-0176F              50           1
        BANK47           017A0-017EF              50           1
        BANK48           01820-0186F              50           1
        BANK49           018A0-018EF              50           1
        BANK5            002A0-002EF              50           1
        BANK50           01920-0196F              50           1
        BANK6            00320-0036F              50           1
        BANK7            003A0-003EF              50           1
        BANK8            00420-0046F              50           1
        BANK9            004A0-004EF              50           1
        BIGRAM           02000-02FEF             FF0           1
        CODE             00004-00005               2           2
                         00800-00FC4             7C5
                         01005-07FFF             800
        CONST            00004-00005               2           2
                         00800-00FC4             100
                         01005-07FFF             100
        EEDATA           0F000-0F0FF             100           2
        ENTRY            00004-00005               2           2
                         00800-00FC4             100
                         01005-07FFF             100
        IDLOC            08000-08003               4           2
        RAM              000D5-000EF              1B           1
                         00120-0016F              50
                         001A0-001EF              50
                         00220-0026F              50
                         002A0-002EF              50
                         00320-0036F              50
                         003A0-003EF              50
                         00420-0046F              50
                         004A0-004EF              50
                         00520-0056F              50
                         005A0-005EF              50
                         00620-0066F              50
                         006A0-006EF              50
                         00720-0076F              50
                         007A0-007EF              50
                         00820-0086F              50
                         008A0-008EF              50
                         00920-0096F              50
                         009A0-009EF              50
                         00A20-00A6F              50
                         00AA0-00AEF              50
                         00B20-00B6F              50
                         00BA0-00BEF              50
                         00C20-00C6F              50
                         00CA0-00CEF              50
                         00D20-00D6F              50
                         00DA0-00DEF              50
                         00E20-00E6F              50
                         00EA0-00EEF              50
                         00F20-00F6F              50
                         00FA0-00FEF              50
                         01020-0106F              50
                         010A0-010EF              50
                         01120-0116F              50
                         011A0-011EF              50
                         01220-0126F              50
                         012A0-012EF              50
                         01320-0136F              50
                         013A0-013EF              50
                         01420-0146F              50
                         014A0-014EF              50
                         01520-0156F              50
                         015A0-015EF              50
                         01620-0166F              50
                         016A0-016EF              50
                         01720-0176F              50
                         017A0-017EF              50
                         01820-0186F              50
                         018A0-018EF              50
                         01920-0196F              50
        SFR0             00000-0001F              20           1
        SFR1             00080-0009F              20           1
        SFR10            00500-0051F              20           1
        SFR11            00580-0059F              20           1
        SFR12            00600-0061F              20           1
        SFR13            00680-0069F              20           1
        SFR14            00700-0071F              20           1
        SFR15            00780-0079F              20           1
        SFR16            00800-0081F              20           1
        SFR17            00880-0089F              20           1
        SFR18            00900-0091F              20           1
        SFR19            00980-0099F              20           1
        SFR2             00100-0011F              20           1
        SFR20            00A00-00A1F              20           1
        SFR21            00A80-00A9F              20           1
        SFR22            00B00-00B1F              20           1
        SFR23            00B80-00B9F              20           1
        SFR24            00C00-00C1F              20           1
        SFR25            00C80-00C9F              20           1
        SFR26            00D00-00D1F              20           1
        SFR27            00D80-00D9F              20           1
        SFR28            00E00-00E1F              20           1
        SFR29            00E80-00E9F              20           1
        SFR3             00180-0019F              20           1
        SFR30            00F00-00F1F              20           1
        SFR31            00F80-00F9F              20           1
        SFR32            01000-0101F              20           1
        SFR33            01080-0109F              20           1
        SFR34            01100-0111F              20           1
        SFR35            01180-0119F              20           1
        SFR36            01200-0121F              20           1
        SFR37            01280-0129F              20           1
        SFR38            01300-0131F              20           1
        SFR39            01380-0139F              20           1
        SFR4             00200-0021F              20           1
        SFR40            01400-0141F              20           1
        SFR41            01480-0149F              20           1
        SFR42            01500-0151F              20           1
        SFR43            01580-0159F              20           1
        SFR44            01600-0161F              20           1
        SFR45            01680-0169F              20           1
        SFR46            01700-0171F              20           1
        SFR47            01780-0179F              20           1
        SFR48            01800-0181F              20           1
        SFR49            01880-0189F              20           1
        SFR5             00280-0029F              20           1
        SFR50            01900-0191F              20           1
        SFR51            01980-019EF              70           1
        SFR52            01A00-01A6F              70           1
        SFR53            01A80-01AEF              70           1
        SFR54            01B00-01B6F              70           1
        SFR55            01B80-01BEF              70           1
        SFR56            01C00-01C6F              70           1
        SFR57            01C80-01CEF              70           1
        SFR58            01D00-01D6F              70           1
        SFR59            01D80-01DEF              70           1
        SFR6             00300-0031F              20           1
        SFR60            01E00-01E6F              70           1
        SFR61            01E80-01EEF              70           1
        SFR62            01F00-01F6F              70           1
        SFR63            01F80-01FEF              70           1
        SFR7             00380-0039F              20           1
        SFR8             00400-0041F              20           1
        SFR9             00480-0049F              20           1
        STACK            02085-02FEF             F6B           1
        STRCODE          00004-00005               2           2
                         00800-00FC4             7C5
                         01005-07FFF            6FFB
        STRING           00004-00005               2           2
                         00800-00FC4             100
                         01005-07FFF             100

                                  Symbol Table

?___aodiv                      cstackBANK0  00020
?___aomod                      cstackBANK0  00020
?___wmul                       cstackCOMMON 00070
?_abs                          cstackCOMMON 00073
?_atoi                         cstackCOMMON 00076
?_dtoa                         cstackBANK0  00034
?_isdigit                      cstackCOMMON 00070
?_isspace                      cstackCOMMON 00070
?_pad                          cstackBANK0  0002C
?_printf                       cstackBANK1  000C9
?_strlen                       cstackCOMMON 00070
?_vfpfcnvrt                    cstackBANK0  00052
?_vfprintf                     cstackBANK0  00065
_ADCLKbits                     (abs)        00098
_ADCON0                        (abs)        00093
_ADGO                          (abs)        00498
_ADPCH                         (abs)        0009E
_ADREFbits                     (abs)        0009A
_ADRES                         (abs)        0008C
_ANSELA                        (abs)        01F38
_ANSELB                        (abs)        01F43
_ANSELC                        (abs)        01F4E
_BAUD1CON                      (abs)        0011F
_LATB0                         (abs)        000B8
_LATB1                         (abs)        000B9
_LATB2                         (abs)        000BA
_LATB3                         (abs)        000BB
_OSCCON1bits                   (abs)        0088D
_OSCFRQbits                    (abs)        00893
_PPSLOCK                       (abs)        01E8F
_PPSLOCKbits                   (abs)        01E8F
_RB0PPS                        (abs)        01F18
_RB1PPS                        (abs)        01F19
_RC1PPS                        (abs)        01F21
_RC1STA                        (abs)        0011D
_RC5PPS                        (abs)        01F25
_RC6PPS                        (abs)        01F26
_RXPPS                         (abs)        01ECB
_SP1BRG                        (abs)        0011B
_SSP1CLKPPS                    (abs)        01EC5
_SSP1CON1                      (abs)        00190
_SSP1DATPPS                    (abs)        01EC6
_SSP1STAT                      (abs)        0018F
_SSP2ADD                       (abs)        00197
_SSP2BUF                       (abs)        00196
_SSP2CLKPPS                    (abs)        01EC8
_SSP2CON1                      (abs)        0019A
_SSP2CON2bits                  (abs)        0019B
_SSP2CON3                      (abs)        0019C
_SSP2DATPPS                    (abs)        01EC9
_SSP2IF                        (abs)        0387A
_SSP2STAT                      (abs)        00199
_TRISA                         (abs)        00011
_TRISB                         (abs)        00012
_TRISC                         (abs)        00013
_TX1STA                        (abs)        0011E
_TX1STAbits                    (abs)        0011E
__Habs1                        abs1         00000
__Hbank0                       bank0        00000
__Hbank1                       bank1        00000
__Hbank10                      bank10       00000
__Hbank11                      bank11       00000
__Hbank12                      bank12       00000
__Hbank13                      bank13       00000
__Hbank14                      bank14       00000
__Hbank15                      bank15       00000
__Hbank16                      bank16       00000
__Hbank17                      bank17       00000
__Hbank18                      bank18       00000
__Hbank19                      bank19       00000
__Hbank2                       bank2        00000
__Hbank20                      bank20       00000
__Hbank21                      bank21       00000
__Hbank22                      bank22       00000
__Hbank23                      bank23       00000
__Hbank24                      bank24       00000
__Hbank25                      bank25       00000
__Hbank26                      bank26       00000
__Hbank27                      bank27       00000
__Hbank28                      bank28       00000
__Hbank29                      bank29       00000
__Hbank3                       bank3        00000
__Hbank30                      bank30       00000
__Hbank31                      bank31       00000
__Hbank32                      bank32       00000
__Hbank33                      bank33       00000
__Hbank34                      bank34       00000
__Hbank35                      bank35       00000
__Hbank36                      bank36       00000
__Hbank37                      bank37       00000
__Hbank38                      bank38       00000
__Hbank39                      bank39       00000
__Hbank4                       bank4        00000
__Hbank40                      bank40       00000
__Hbank41                      bank41       00000
__Hbank42                      bank42       00000
__Hbank43                      bank43       00000
__Hbank44                      bank44       00000
__Hbank45                      bank45       00000
__Hbank46                      bank46       00000
__Hbank47                      bank47       00000
__Hbank48                      bank48       00000
__Hbank49                      bank49       00000
__Hbank5                       bank5        00000
__Hbank50                      bank50       00000
__Hbank51                      bank51       00000
__Hbank52                      bank52       00000
__Hbank53                      bank53       00000
__Hbank54                      bank54       00000
__Hbank55                      bank55       00000
__Hbank56                      bank56       00000
__Hbank57                      bank57       00000
__Hbank58                      bank58       00000
__Hbank59                      bank59       00000
__Hbank6                       bank6        00000
__Hbank60                      bank60       00000
__Hbank61                      bank61       00000
__Hbank62                      bank62       00000
__Hbank63                      bank63       00000
__Hbank7                       bank7        00000
__Hbank8                       bank8        00000
__Hbank9                       bank9        00000
__Hbigram                      bigram       00000
__HbssBANK1                    bssBANK1     00000
__Hcinit                       cinit        00800
__Hclrtext                     clrtext      00000
__Hcode                        code         00000
__Hcommon                      common       00000
__Hconfig                      config       0800C
__HcstackBANK0                 cstackBANK0  00000
__HcstackBANK1                 cstackBANK1  00000
__HcstackCOMMON                cstackCOMMON 00000
__HdataBANK1                   dataBANK1    00000
__Heeprom_data                 eeprom_data  00000
__Hend_init                    end_init     00004
__Hfunctab                     functab      00000
__HidataBANK1                  idataBANK1   00000
__Hinit                        init         00002
__Hintentry                    intentry     00002
__Hmaintext                    maintext     00000
__Hpowerup                     powerup      00000
__Hram                         ram          00000
__Hreset_vec                   reset_vec    00002
__Hsfr0                        sfr0         00000
__Hsfr1                        sfr1         00000
__Hsfr10                       sfr10        00000
__Hsfr11                       sfr11        00000
__Hsfr12                       sfr12        00000
__Hsfr13                       sfr13        00000
__Hsfr14                       sfr14        00000
__Hsfr15                       sfr15        00000
__Hsfr16                       sfr16        00000
__Hsfr17                       sfr17        00000
__Hsfr18                       sfr18        00000
__Hsfr19                       sfr19        00000
__Hsfr2                        sfr2         00000
__Hsfr20                       sfr20        00000
__Hsfr21                       sfr21        00000
__Hsfr22                       sfr22        00000
__Hsfr23                       sfr23        00000
__Hsfr24                       sfr24        00000
__Hsfr25                       sfr25        00000
__Hsfr26                       sfr26        00000
__Hsfr27                       sfr27        00000
__Hsfr28                       sfr28        00000
__Hsfr29                       sfr29        00000
__Hsfr3                        sfr3         00000
__Hsfr30                       sfr30        00000
__Hsfr31                       sfr31        00000
__Hsfr32                       sfr32        00000
__Hsfr33                       sfr33        00000
__Hsfr34                       sfr34        00000
__Hsfr35                       sfr35        00000
__Hsfr36                       sfr36        00000
__Hsfr37                       sfr37        00000
__Hsfr38                       sfr38        00000
__Hsfr39                       sfr39        00000
__Hsfr4                        sfr4         00000
__Hsfr40                       sfr40        00000
__Hsfr41                       sfr41        00000
__Hsfr42                       sfr42        00000
__Hsfr43                       sfr43        00000
__Hsfr44                       sfr44        00000
__Hsfr45                       sfr45        00000
__Hsfr46                       sfr46        00000
__Hsfr47                       sfr47        00000
__Hsfr48                       sfr48        00000
__Hsfr49                       sfr49        00000
__Hsfr5                        sfr5         00000
__Hsfr50                       sfr50        00000
__Hsfr51                       sfr51        00000
__Hsfr52                       sfr52        00000
__Hsfr53                       sfr53        00000
__Hsfr54                       sfr54        00000
__Hsfr55                       sfr55        00000
__Hsfr56                       sfr56        00000
__Hsfr57                       sfr57        00000
__Hsfr58                       sfr58        00000
__Hsfr59                       sfr59        00000
__Hsfr6                        sfr6         00000
__Hsfr60                       sfr60        00000
__Hsfr61                       sfr61        00000
__Hsfr62                       sfr62        00000
__Hsfr63                       sfr63        00000
__Hsfr7                        sfr7         00000
__Hsfr8                        sfr8         00000
__Hsfr9                        sfr9         00000
__Hspace_0                     (abs)        01005
__Hspace_1                     (abs)        000D5
__Hspace_2                     (abs)        00000
__Hspace_3                     (abs)        00000
__Hspace_4                     (abs)        10013
__Hstack                       stack        00000
__Hstrings                     strings      00000
__Hstringtext1                 stringtext1  00000
__Hstringtext2                 stringtext2  00000
__Htext                        text         00000
__Labs1                        abs1         00000
__Lbank0                       bank0        00000
__Lbank1                       bank1        00000
__Lbank10                      bank10       00000
__Lbank11                      bank11       00000
__Lbank12                      bank12       00000
__Lbank13                      bank13       00000
__Lbank14                      bank14       00000
__Lbank15                      bank15       00000
__Lbank16                      bank16       00000
__Lbank17                      bank17       00000
__Lbank18                      bank18       00000
__Lbank19                      bank19       00000
__Lbank2                       bank2        00000
__Lbank20                      bank20       00000
__Lbank21                      bank21       00000
__Lbank22                      bank22       00000
__Lbank23                      bank23       00000
__Lbank24                      bank24       00000
__Lbank25                      bank25       00000
__Lbank26                      bank26       00000
__Lbank27                      bank27       00000
__Lbank28                      bank28       00000
__Lbank29                      bank29       00000
__Lbank3                       bank3        00000
__Lbank30                      bank30       00000
__Lbank31                      bank31       00000
__Lbank32                      bank32       00000
__Lbank33                      bank33       00000
__Lbank34                      bank34       00000
__Lbank35                      bank35       00000
__Lbank36                      bank36       00000
__Lbank37                      bank37       00000
__Lbank38                      bank38       00000
__Lbank39                      bank39       00000
__Lbank4                       bank4        00000
__Lbank40                      bank40       00000
__Lbank41                      bank41       00000
__Lbank42                      bank42       00000
__Lbank43                      bank43       00000
__Lbank44                      bank44       00000
__Lbank45                      bank45       00000
__Lbank46                      bank46       00000
__Lbank47                      bank47       00000
__Lbank48                      bank48       00000
__Lbank49                      bank49       00000
__Lbank5                       bank5        00000
__Lbank50                      bank50       00000
__Lbank51                      bank51       00000
__Lbank52                      bank52       00000
__Lbank53                      bank53       00000
__Lbank54                      bank54       00000
__Lbank55                      bank55       00000
__Lbank56                      bank56       00000
__Lbank57                      bank57       00000
__Lbank58                      bank58       00000
__Lbank59                      bank59       00000
__Lbank6                       bank6        00000
__Lbank60                      bank60       00000
__Lbank61                      bank61       00000
__Lbank62                      bank62       00000
__Lbank63                      bank63       00000
__Lbank7                       bank7        00000
__Lbank8                       bank8        00000
__Lbank9                       bank9        00000
__Lbigram                      bigram       00000
__LbssBANK1                    bssBANK1     00000
__Lcinit                       cinit        007E4
__Lclrtext                     clrtext      00000
__Lcode                        code         00000
__Lcommon                      common       00000
__Lconfig                      config       00000
__LcstackBANK0                 cstackBANK0  00000
__LcstackBANK1                 cstackBANK1  00000
__LcstackCOMMON                cstackCOMMON 00000
__LdataBANK1                   dataBANK1    00000
__Leeprom_data                 eeprom_data  00000
__Lend_init                    end_init     00002
__Lfunctab                     functab      00000
__LidataBANK1                  idataBANK1   00000
__Linit                        init         00002
__Lintentry                    intentry     00002
__Lmaintext                    maintext     00000
__Lpowerup                     powerup      00000
__Lram                         ram          00000
__Lreset_vec                   reset_vec    00000
__Lsfr0                        sfr0         00000
__Lsfr1                        sfr1         00000
__Lsfr10                       sfr10        00000
__Lsfr11                       sfr11        00000
__Lsfr12                       sfr12        00000
__Lsfr13                       sfr13        00000
__Lsfr14                       sfr14        00000
__Lsfr15                       sfr15        00000
__Lsfr16                       sfr16        00000
__Lsfr17                       sfr17        00000
__Lsfr18                       sfr18        00000
__Lsfr19                       sfr19        00000
__Lsfr2                        sfr2         00000
__Lsfr20                       sfr20        00000
__Lsfr21                       sfr21        00000
__Lsfr22                       sfr22        00000
__Lsfr23                       sfr23        00000
__Lsfr24                       sfr24        00000
__Lsfr25                       sfr25        00000
__Lsfr26                       sfr26        00000
__Lsfr27                       sfr27        00000
__Lsfr28                       sfr28        00000
__Lsfr29                       sfr29        00000
__Lsfr3                        sfr3         00000
__Lsfr30                       sfr30        00000
__Lsfr31                       sfr31        00000
__Lsfr32                       sfr32        00000
__Lsfr33                       sfr33        00000
__Lsfr34                       sfr34        00000
__Lsfr35                       sfr35        00000
__Lsfr36                       sfr36        00000
__Lsfr37                       sfr37        00000
__Lsfr38                       sfr38        00000
__Lsfr39                       sfr39        00000
__Lsfr4                        sfr4         00000
__Lsfr40                       sfr40        00000
__Lsfr41                       sfr41        00000
__Lsfr42                       sfr42        00000
__Lsfr43                       sfr43        00000
__Lsfr44                       sfr44        00000
__Lsfr45                       sfr45        00000
__Lsfr46                       sfr46        00000
__Lsfr47                       sfr47        00000
__Lsfr48                       sfr48        00000
__Lsfr49                       sfr49        00000
__Lsfr5                        sfr5         00000
__Lsfr50                       sfr50        00000
__Lsfr51                       sfr51        00000
__Lsfr52                       sfr52        00000
__Lsfr53                       sfr53        00000
__Lsfr54                       sfr54        00000
__Lsfr55                       sfr55        00000
__Lsfr56                       sfr56        00000
__Lsfr57                       sfr57        00000
__Lsfr58                       sfr58        00000
__Lsfr59                       sfr59        00000
__Lsfr6                        sfr6         00000
__Lsfr60                       sfr60        00000
__Lsfr61                       sfr61        00000
__Lsfr62                       sfr62        00000
__Lsfr63                       sfr63        00000
__Lsfr7                        sfr7         00000
__Lsfr8                        sfr8         00000
__Lsfr9                        sfr9         00000
__Lspace_0                     (abs)        00000
__Lspace_1                     (abs)        00000
__Lspace_2                     (abs)        00000
__Lspace_3                     (abs)        00000
__Lspace_4                     (abs)        00000
__Lstack                       stack        00000
__Lstrings                     strings      00000
__Lstringtext1                 stringtext1  00000
__Lstringtext2                 stringtext2  00000
__Ltext                        text         00000
__S0                           (abs)        01005
__S1                           (abs)        000D5
__S2                           (abs)        00000
__S3                           (abs)        00000
___aodiv                       text13       00426
___aodiv@counter               cstackCOMMON 00071
___aodiv@dividend              cstackBANK0  00028
___aodiv@divisor               cstackBANK0  00020
___aodiv@quotient              cstackCOMMON 00073
___aodiv@sign                  cstackCOMMON 00072
___aomod                       text12       0033C
___aomod@counter               cstackCOMMON 00071
___aomod@dividend              cstackBANK0  00028
___aomod@divisor               cstackBANK0  00020
___aomod@sign                  cstackCOMMON 00072
___int_sp                      stack        00000
___latbits                     (abs)        00004
___sp                          stack        00000
___stackhi                     (abs)        02FEF
___stacklo                     (abs)        02085
___wmul                        text17       0009F
___wmul@multiplicand           cstackCOMMON 00072
___wmul@multiplier             cstackCOMMON 00070
___wmul@product                cstackCOMMON 00074
__end_of___aodiv               text13       00527
__end_of___aomod               text12       00426
__end_of___wmul                text17       000BE
__end_of__initialization       cinit        007FD
__end_of_abs                   text11       0009F
__end_of_atoi                  text14       0033C
__end_of_dtoa                  text4        007E4
__end_of_fputc                 text8        001D4
__end_of_fputs                 text7        00107
__end_of_i2cProtocolSendData   text24       00FF2
__end_of_i2cProtocolStart      text23       00FDA
__end_of_i2cProtocolStop       text22       00FE5
__end_of_init                  text25       0028D
__end_of_isdigit               text16       0006C
__end_of_isspace               text15       000DF
__end_of_lcdI2CProtocol        text21       0003E
__end_of_lcdInitialize         text19       00133
__end_of_lcdLocateCursor       text18       0002A
__end_of_lcdSendCharacterData  text10       01000
__end_of_lcdSendCommandData    text20       0001B
__end_of_main                  maintext     00163
__end_of_pad                   text5        0022D
__end_of_printf                text1        00054
__end_of_putch                 text9        00FCF
__end_of_strlen                text6        00085
__end_of_vfpfcnvrt             text3        00676
__end_of_vfprintf              text2        00194
__initialization               cinit        007E4
__pbssBANK1                    bssBANK1     000A0
__pcstackBANK0                 cstackBANK0  00020
__pcstackBANK1                 cstackBANK1  000C9
__pcstackCOMMON                cstackCOMMON 00070
__pdataBANK1                   dataBANK1    000D1
__pidataBANK1                  idataBANK1   00FC5
__pmaintext                    maintext     00133
__pstringtext1                 stringtext1  01000
__pstringtext2                 stringtext2  00000
__ptext1                       text1        0003E
__ptext10                      text10       00FF2
__ptext11                      text11       00085
__ptext12                      text12       0033C
__ptext13                      text13       00426
__ptext14                      text14       0028D
__ptext15                      text15       000BE
__ptext16                      text16       00054
__ptext17                      text17       0009F
__ptext18                      text18       0001B
__ptext19                      text19       00107
__ptext2                       text2        00163
__ptext20                      text20       0000C
__ptext21                      text21       0002A
__ptext22                      text22       00FDA
__ptext23                      text23       00FCF
__ptext24                      text24       00FE5
__ptext25                      text25       0022D
__ptext3                       text3        00527
__ptext4                       text4        00676
__ptext5                       text5        001D4
__ptext6                       text6        0006C
__ptext7                       text7        000DF
__ptext8                       text8        00194
__ptext9                       text9        00FC9
__size_of___aodiv              (abs)        00000
__size_of___aomod              (abs)        00000
__size_of___wmul               (abs)        00000
__size_of_abs                  (abs)        00000
__size_of_atoi                 (abs)        00000
__size_of_dtoa                 (abs)        00000
__size_of_fputc                (abs)        00000
__size_of_fputs                (abs)        00000
__size_of_i2cProtocolSendData  (abs)        00000
__size_of_i2cProtocolStart     (abs)        00000
__size_of_i2cProtocolStop      (abs)        00000
__size_of_init                 (abs)        00000
__size_of_isdigit              (abs)        00000
__size_of_isspace              (abs)        00000
__size_of_lcdI2CProtocol       (abs)        00000
__size_of_lcdInitialize        (abs)        00000
__size_of_lcdLocateCursor      (abs)        00000
__size_of_lcdSendCharacterData (abs)        00000
__size_of_lcdSendCommandData   (abs)        00000
__size_of_main                 (abs)        00000
__size_of_pad                  (abs)        00000
__size_of_printf               (abs)        00000
__size_of_putch                (abs)        00000
__size_of_strlen               (abs)        00000
__size_of_vfpfcnvrt            (abs)        00000
__size_of_vfprintf             (abs)        00000
_abs                           text11       00085
_atoi                          text14       0028D
_atoi$885                      cstackBANK0  00022
_atoi$886                      cstackBANK0  00026
_atoi$887                      cstackBANK0  00024
_dbuf                          bssBANK1     000A9
_dtoa                          text4        00676
_dtoa$850                      cstackBANK0  0003F
_flags                         bssBANK1     000A6
_fputc                         text8        00194
_fputs                         text7        000DF
_i2cProtocolSendData           text24       00FE5
_i2cProtocolStart              text23       00FCF
_i2cProtocolStop               text22       00FDA
_init                          text25       0022D
_isdigit                       text16       00054
_isspace                       text15       000BE
_isspace$903                   cstackCOMMON 00074
_lcdI2CProtocol                text21       0002A
_lcdInitialize                 text19       00107
_lcdLocateCursor               text18       0001B
_lcdSendCharacterData          text10       00FF2
_lcdSendCommandData            text20       0000C
_main                          maintext     00133
_nout                          bssBANK1     000A0
_pad                           text5        001D4
_prec                          bssBANK1     000A4
_printf                        text1        0003E
_putch                         text9        00FC9
_strlen                        text6        0006C
_vfpfcnvrt                     text3        00527
_vfpfcnvrt$865                 cstackBANK0  00062
_vfprintf                      text2        00163
_width                         bssBANK1     000A2
abs@a                          cstackCOMMON 00073
atoi@n                         cstackBANK0  00027
atoi@neg                       cstackBANK0  00020
atoi@s                         cstackCOMMON 00076
btemp                          (abs)        0007E
clear_ram0                     clrtext      00006
dtoa@d                         cstackBANK0  00034
dtoa@fp                        cstackBANK0  00043
dtoa@i                         cstackBANK0  00050
dtoa@n                         cstackBANK0  00048
dtoa@p                         cstackBANK0  00041
dtoa@s                         cstackBANK0  00046
dtoa@w                         cstackBANK0  00044
end_of_initialization          cinit        007FD
forward1@F12394                dataBANK1    000D1
forward1@cnt                   bssBANK1     000A8
fputc@c                        cstackCOMMON 00078
fputc@fp                       cstackCOMMON 0007A
fputs@c                        cstackBANK0  00028
fputs@fp                       cstackCOMMON 0007B
fputs@i                        cstackBANK0  00029
fputs@s                        cstackBANK0  0002B
i2cProtocolSendData@data       cstackCOMMON 00070
intlevel0                      functab      00000
intlevel1                      functab      00000
intlevel2                      functab      00000
intlevel3                      functab      00000
intlevel4                      functab      00000
intlevel5                      functab      00000
isdigit@c                      cstackCOMMON 00070
isspace@c                      cstackCOMMON 00070
lcdI2CProtocol@address         cstackCOMMON 00073
lcdI2CProtocol@cont_code       cstackCOMMON 00071
lcdI2CProtocol@data            cstackCOMMON 00072
lcdLocateCursor@pos_x          cstackCOMMON 00078
lcdLocateCursor@pos_y          cstackCOMMON 00076
lcdSendCharacterData@data      cstackCOMMON 00076
lcdSendCommandData@command     cstackCOMMON 00075
main@data                      cstackBANK1  000CF
pad@buf                        cstackBANK0  0002C
pad@fp                         cstackBANK0  00033
pad@i                          cstackBANK0  0002F
pad@p                          cstackBANK0  0002D
pad@w                          cstackBANK0  00031
printf@ap                      cstackBANK0  0006F
printf@fmt                     cstackBANK1  000C9
putch@character                cstackCOMMON 00077
reset_vec                      reset_vec    00000
start                          init         00002
start_initialization           cinit        007E4
strlen@a                       cstackCOMMON 00073
strlen@s                       cstackCOMMON 00074
vfpfcnvrt@ap                   cstackBANK0  00053
vfpfcnvrt@fmt                  cstackBANK0  00052
vfpfcnvrt@fp                   cstackBANK0  00064
vfpfcnvrt@ll                   cstackBANK0  0005A
vfprintf@ap                    cstackBANK0  00067
vfprintf@cfmt                  cstackBANK0  0006B
vfprintf@fmt                   cstackBANK0  00065
vfprintf@fp                    cstackBANK0  0006A
wtemp0                         (abs)        0007E


FUNCTION INFORMATION:

 *************** function _main *****************
 Defined at:
		line 79 in file "main.c"
 Parameters:    Size  Location     Type
		None
 Auto vars:     Size  Location     Type
  data            2    6[BANK1 ] int 
 Return value:  Size  Location     Type
                  1    wreg      void 
 Registers used:
		wreg, fsr0l, fsr0h, fsr1l, fsr1h, status,2, status,0, pclath, cstack
 Tracked objects:
		On entry : 
		On exit  : 
		Unchanged: 
 Data sizes:     COMMON   BANK0   BANK1   BANK2   BANK3   BANK4   BANK5   BANK6   BANK7   BANK8   BANK9  BANK10  BANK11  BANK12  BANK13  BANK14  BANK15  BANK16  BANK17  BANK18  BANK19  BANK20  BANK21  BANK22  BANK23  BANK24  BANK25  BANK26  BANK27  BANK28  BANK29  BANK30  BANK31  BANK32  BANK33  BANK34  BANK35  BANK36  BANK37  BANK38  BANK39  BANK40  BANK41  BANK42  BANK43  BANK44  BANK45  BANK46  BANK47  BANK48  BANK49  BANK50
      Params:         0       0       0       0       0       0       0       0       0       0       0       0       0       0       0       0       0       0       0       0       0       0       0       0       0       0       0       0       0       0       0       0       0       0       0       0       0       0       0       0       0       0       0       0       0       0       0       0       0       0       0       0
      Locals:         0       0       2       0       0       0       0       0       0       0       0       0       0       0       0       0       0       0       0       0       0       0       0       0       0       0       0       0       0       0       0       0       0       0       0       0       0       0       0       0       0       0       0       0       0       0       0       0       0       0       0       0
      Temps:          0       0       2       0       0       0       0       0       0       0       0       0       0       0       0       0       0       0       0       0       0       0       0       0       0       0       0       0       0       0       0       0       0       0       0       0       0       0       0       0       0       0       0       0       0       0       0       0       0       0       0       0
      Totals:         0       0       4       0       0       0       0       0       0       0       0       0       0       0       0       0       0       0       0       0       0       0       0       0       0       0       0       0       0       0       0       0       0       0       0       0       0       0       0       0       0       0       0       0       0       0       0       0       0       0       0       0
Total ram usage:        4 bytes
 Hardware stack levels required when called:   11
 This function calls:
		_init
		_lcdInitialize
		_lcdLocateCursor
		_printf
 This function is called by:
		Startup code after reset
 This function uses a non-reentrant model


 *************** function _printf *****************
 Defined at:
		line 5 in file "C:\Program Files\Microchip\xc8\v2.31\pic\sources\c99\common\printf.c"
 Parameters:    Size  Location     Type
  fmt             2    0[BANK1 ] PTR const unsigned char 
		 -> STR_1(5), 
 Auto vars:     Size  Location     Type
  ret             2    0        int 
  ap              1   79[BANK0 ] PTR void [1]
		 -> ?_printf(2), 
 Return value:  Size  Location     Type
                  2    0[BANK1 ] int 
 Registers used:
		wreg, fsr0l, fsr0h, fsr1l, fsr1h, status,2, status,0, pclath, cstack
 Tracked objects:
		On entry : 
		On exit  : 
		Unchanged: 
 Data sizes:     COMMON   BANK0   BANK1   BANK2   BANK3   BANK4   BANK5   BANK6   BANK7   BANK8   BANK9  BANK10  BANK11  BANK12  BANK13  BANK14  BANK15  BANK16  BANK17  BANK18  BANK19  BANK20  BANK21  BANK22  BANK23  BANK24  BANK25  BANK26  BANK27  BANK28  BANK29  BANK30  BANK31  BANK32  BANK33  BANK34  BANK35  BANK36  BANK37  BANK38  BANK39  BANK40  BANK41  BANK42  BANK43  BANK44  BANK45  BANK46  BANK47  BANK48  BANK49  BANK50
      Params:         0       0       4       0       0       0       0       0       0       0       0       0       0       0       0       0       0       0       0       0       0       0       0       0       0       0       0       0       0       0       0       0       0       0       0       0       0       0       0       0       0       0       0       0       0       0       0       0       0       0       0       0
      Locals:         0       3       0       0       0       0       0       0       0       0       0       0       0       0       0       0       0       0       0       0       0       0       0       0       0       0       0       0       0       0       0       0       0       0       0       0       0       0       0       0       0       0       0       0       0       0       0       0       0       0       0       0
      Temps:          1       0       0       0       0       0       0       0       0       0       0       0       0       0       0       0       0       0       0       0       0       0       0       0       0       0       0       0       0       0       0       0       0       0       0       0       0       0       0       0       0       0       0       0       0       0       0       0       0       0       0       0
      Totals:         1       3       4       0       0       0       0       0       0       0       0       0       0       0       0       0       0       0       0       0       0       0       0       0       0       0       0       0       0       0       0       0       0       0       0       0       0       0       0       0       0       0       0       0       0       0       0       0       0       0       0       0
Total ram usage:        8 bytes
 Hardware stack levels used:    1
 Hardware stack levels required when called:   10
 This function calls:
		_vfprintf
 This function is called by:
		_main
 This function uses a non-reentrant model


 *************** function _vfprintf *****************
 Defined at:
		line 1390 in file "C:\Program Files\Microchip\xc8\v2.31\pic\sources\c99\common\doprnt.c"
 Parameters:    Size  Location     Type
  fp              1    wreg     PTR struct _IO_FILE
		 -> NULL(0), 
  fmt             2   69[BANK0 ] PTR const unsigned char 
		 -> STR_1(5), 
  ap              1   71[BANK0 ] PTR PTR void 
		 -> printf@ap(1), 
 Auto vars:     Size  Location     Type
  fp              1   74[BANK0 ] PTR struct _IO_FILE
		 -> NULL(0), 
  cfmt            2   75[BANK0 ] PTR unsigned char 
		 -> STR_1(5), 
 Return value:  Size  Location     Type
                  2   69[BANK0 ] int 
 Registers used:
		wreg, fsr0l, fsr0h, fsr1l, fsr1h, status,2, status,0, pclath, cstack
 Tracked objects:
		On entry : 
		On exit  : 
		Unchanged: 
 Data sizes:     COMMON   BANK0   BANK1   BANK2   BANK3   BANK4   BANK5   BANK6   BANK7   BANK8   BANK9  BANK10  BANK11  BANK12  BANK13  BANK14  BANK15  BANK16  BANK17  BANK18  BANK19  BANK20  BANK21  BANK22  BANK23  BANK24  BANK25  BANK26  BANK27  BANK28  BANK29  BANK30  BANK31  BANK32  BANK33  BANK34  BANK35  BANK36  BANK37  BANK38  BANK39  BANK40  BANK41  BANK42  BANK43  BANK44  BANK45  BANK46  BANK47  BANK48  BANK49  BANK50
      Params:         0       3       0       0       0       0       0       0       0       0       0       0       0       0       0       0       0       0       0       0       0       0       0       0       0       0       0       0       0       0       0       0       0       0       0       0       0       0       0       0       0       0       0       0       0       0       0       0       0       0       0       0
      Locals:         0       3       0       0       0       0       0       0       0       0       0       0       0       0       0       0       0       0       0       0       0       0       0       0       0       0       0       0       0       0       0       0       0       0       0       0       0       0       0       0       0       0       0       0       0       0       0       0       0       0       0       0
      Temps:          0       2       0       0       0       0       0       0       0       0       0       0       0       0       0       0       0       0       0       0       0       0       0       0       0       0       0       0       0       0       0       0       0       0       0       0       0       0       0       0       0       0       0       0       0       0       0       0       0       0       0       0
      Totals:         0       8       0       0       0       0       0       0       0       0       0       0       0       0       0       0       0       0       0       0       0       0       0       0       0       0       0       0       0       0       0       0       0       0       0       0       0       0       0       0       0       0       0       0       0       0       0       0       0       0       0       0
Total ram usage:        8 bytes
 Hardware stack levels used:    1
 Hardware stack levels required when called:    9
 This function calls:
		_vfpfcnvrt
 This function is called by:
		_printf
 This function uses a non-reentrant model


 *************** function _vfpfcnvrt *****************
 Defined at:
		line 692 in file "C:\Program Files\Microchip\xc8\v2.31\pic\sources\c99\common\doprnt.c"
 Parameters:    Size  Location     Type
  fp              1    wreg     PTR struct _IO_FILE
		 -> NULL(0), 
  fmt             1   50[BANK0 ] PTR PTR unsigned char 
		 -> vfprintf@cfmt(2), 
  ap              1   51[BANK0 ] PTR PTR void 
		 -> printf@ap(1), 
 Auto vars:     Size  Location     Type
  fp              1   68[BANK0 ] PTR struct _IO_FILE
		 -> NULL(0), 
  ll              8   58[BANK0 ] long long 
  llu             8    0        unsigned long long 
  f               4    0        unsigned long long 
  ct              3    0        unsigned char [3]
  vp              2    0        PTR void 
  i               2    0        int 
  done            2    0        int 
  cp              2    0        PTR unsigned char 
  c               1    0        unsigned char 
 Return value:  Size  Location     Type
                  2   50[BANK0 ] int 
 Registers used:
		wreg, fsr0l, fsr0h, fsr1l, fsr1h, status,2, status,0, pclath, cstack
 Tracked objects:
		On entry : 
		On exit  : 
		Unchanged: 
 Data sizes:     COMMON   BANK0   BANK1   BANK2   BANK3   BANK4   BANK5   BANK6   BANK7   BANK8   BANK9  BANK10  BANK11  BANK12  BANK13  BANK14  BANK15  BANK16  BANK17  BANK18  BANK19  BANK20  BANK21  BANK22  BANK23  BANK24  BANK25  BANK26  BANK27  BANK28  BANK29  BANK30  BANK31  BANK32  BANK33  BANK34  BANK35  BANK36  BANK37  BANK38  BANK39  BANK40  BANK41  BANK42  BANK43  BANK44  BANK45  BANK46  BANK47  BANK48  BANK49  BANK50
      Params:         0       2       0       0       0       0       0       0       0       0       0       0       0       0       0       0       0       0       0       0       0       0       0       0       0       0       0       0       0       0       0       0       0       0       0       0       0       0       0       0       0       0       0       0       0       0       0       0       0       0       0       0
      Locals:         0      11       0       0       0       0       0       0       0       0       0       0       0       0       0       0       0       0       0       0       0       0       0       0       0       0       0       0       0       0       0       0       0       0       0       0       0       0       0       0       0       0       0       0       0       0       0       0       0       0       0       0
      Temps:          0       6       0       0       0       0       0       0       0       0       0       0       0       0       0       0       0       0       0       0       0       0       0       0       0       0       0       0       0       0       0       0       0       0       0       0       0       0       0       0       0       0       0       0       0       0       0       0       0       0       0       0
      Totals:         0      19       0       0       0       0       0       0       0       0       0       0       0       0       0       0       0       0       0       0       0       0       0       0       0       0       0       0       0       0       0       0       0       0       0       0       0       0       0       0       0       0       0       0       0       0       0       0       0       0       0       0
Total ram usage:       19 bytes
 Hardware stack levels used:    1
 Hardware stack levels required when called:    8
 This function calls:
		_atoi
		_dtoa
		_fputc
		_isdigit
 This function is called by:
		_vfprintf
 This function uses a non-reentrant model


 *************** function _dtoa *****************
 Defined at:
		line 287 in file "C:\Program Files\Microchip\xc8\v2.31\pic\sources\c99\common\doprnt.c"
 Parameters:    Size  Location     Type
  fp              1    wreg     PTR struct _IO_FILE
		 -> NULL(0), 
  d               8   20[BANK0 ] long long 
 Auto vars:     Size  Location     Type
  fp              1   35[BANK0 ] PTR struct _IO_FILE
		 -> NULL(0), 
  n               8   40[BANK0 ] long long 
  i               2   48[BANK0 ] int 
  s               2   38[BANK0 ] int 
  w               2   36[BANK0 ] int 
  p               2   33[BANK0 ] int 
 Return value:  Size  Location     Type
                  2   20[BANK0 ] int 
 Registers used:
		wreg, fsr1l, fsr1h, status,2, status,0, pclath, cstack
 Tracked objects:
		On entry : 
		On exit  : 
		Unchanged: 
 Data sizes:     COMMON   BANK0   BANK1   BANK2   BANK3   BANK4   BANK5   BANK6   BANK7   BANK8   BANK9  BANK10  BANK11  BANK12  BANK13  BANK14  BANK15  BANK16  BANK17  BANK18  BANK19  BANK20  BANK21  BANK22  BANK23  BANK24  BANK25  BANK26  BANK27  BANK28  BANK29  BANK30  BANK31  BANK32  BANK33  BANK34  BANK35  BANK36  BANK37  BANK38  BANK39  BANK40  BANK41  BANK42  BANK43  BANK44  BANK45  BANK46  BANK47  BANK48  BANK49  BANK50
      Params:         0       8       0       0       0       0       0       0       0       0       0       0       0       0       0       0       0       0       0       0       0       0       0       0       0       0       0       0       0       0       0       0       0       0       0       0       0       0       0       0       0       0       0       0       0       0       0       0       0       0       0       0
      Locals:         0      19       0       0       0       0       0       0       0       0       0       0       0       0       0       0       0       0       0       0       0       0       0       0       0       0       0       0       0       0       0       0       0       0       0       0       0       0       0       0       0       0       0       0       0       0       0       0       0       0       0       0
      Temps:          0       3       0       0       0       0       0       0       0       0       0       0       0       0       0       0       0       0       0       0       0       0       0       0       0       0       0       0       0       0       0       0       0       0       0       0       0       0       0       0       0       0       0       0       0       0       0       0       0       0       0       0
      Totals:         0      30       0       0       0       0       0       0       0       0       0       0       0       0       0       0       0       0       0       0       0       0       0       0       0       0       0       0       0       0       0       0       0       0       0       0       0       0       0       0       0       0       0       0       0       0       0       0       0       0       0       0
Total ram usage:       30 bytes
 Hardware stack levels used:    1
 Hardware stack levels required when called:    7
 This function calls:
		___aodiv
		___aomod
		_abs
		_pad
 This function is called by:
		_vfpfcnvrt
 This function uses a non-reentrant model


 *************** function _pad *****************
 Defined at:
		line 72 in file "C:\Program Files\Microchip\xc8\v2.31\pic\sources\c99\common\doprnt.c"
 Parameters:    Size  Location     Type
  fp              1    wreg     PTR struct _IO_FILE
		 -> NULL(0), 
  buf             1   12[BANK0 ] PTR unsigned char 
		 -> dbuf(32), 
  p               2   13[BANK0 ] int 
 Auto vars:     Size  Location     Type
  fp              1   19[BANK0 ] PTR struct _IO_FILE
		 -> NULL(0), 
  w               2   17[BANK0 ] int 
  i               2   15[BANK0 ] int 
 Return value:  Size  Location     Type
                  2   12[BANK0 ] int 
 Registers used:
		wreg, fsr1l, fsr1h, status,2, status,0, pclath, cstack
 Tracked objects:
		On entry : 
		On exit  : 
		Unchanged: 
 Data sizes:     COMMON   BANK0   BANK1   BANK2   BANK3   BANK4   BANK5   BANK6   BANK7   BANK8   BANK9  BANK10  BANK11  BANK12  BANK13  BANK14  BANK15  BANK16  BANK17  BANK18  BANK19  BANK20  BANK21  BANK22  BANK23  BANK24  BANK25  BANK26  BANK27  BANK28  BANK29  BANK30  BANK31  BANK32  BANK33  BANK34  BANK35  BANK36  BANK37  BANK38  BANK39  BANK40  BANK41  BANK42  BANK43  BANK44  BANK45  BANK46  BANK47  BANK48  BANK49  BANK50
      Params:         0       3       0       0       0       0       0       0       0       0       0       0       0       0       0       0       0       0       0       0       0       0       0       0       0       0       0       0       0       0       0       0       0       0       0       0       0       0       0       0       0       0       0       0       0       0       0       0       0       0       0       0
[...]
      Params:         0       0       0       0       0       0       0       0       0       0       0       0       0       0       0       0       0       0       0       0       0       0       0       0       0       0       0       0       0       0       0       0       0       0       0       0       0       0       0       0       0       0       0       0       0       0       0       0       0       0       0       0
      Locals:         1       0       0       0       0       0       0       0       0       0       0       0       0       0       0       0       0       0       0       0       0       0       0       0       0       0       0       0       0       0       0       0       0       0       0       0       0       0       0       0       0       0       0       0       0       0       0       0       0       0       0       0
      Temps:          1       0       0       0       0       0       0       0       0       0       0       0       0       0       0       0       0       0       0       0       0       0       0       0       0       0       0       0       0       0       0       0       0       0       0       0       0       0       0       0       0       0       0       0       0       0       0       0       0       0       0       0
      Totals:         2       0       0       0       0       0       0       0       0       0       0       0       0       0       0       0       0       0       0       0       0       0       0       0       0       0       0       0       0       0       0       0       0       0       0       0       0       0       0       0       0       0       0       0       0       0       0       0       0       0       0       0
Total ram usage:        2 bytes
 Hardware stack levels used:    1
 Hardware stack levels required when called:    2
 This function calls:
		_lcdI2CProtocol
 This function is called by:
		_lcdInitialize
		_lcdLocateCursor
		_lcdClearDisplay
 This function uses a non-reentrant model


 *************** function _lcdI2CProtocol *****************
 Defined at:
		line 69 in file "AQM0802.c"
 Parameters:    Size  Location     Type
  address         1    wreg     unsigned char 
  cont_code       1    1[COMMON] unsigned char 
  data            1    2[COMMON] unsigned char 
 Auto vars:     Size  Location     Type
  address         1    3[COMMON] unsigned char 
 Return value:  Size  Location     Type
                  1    wreg      void 
 Registers used:
		wreg, status,2, status,0, pclath, cstack
 Tracked objects:
		On entry : 
		On exit  : 
		Unchanged: 
 Data sizes:     COMMON   BANK0   BANK1   BANK2   BANK3   BANK4   BANK5   BANK6   BANK7   BANK8   BANK9  BANK10  BANK11  BANK12  BANK13  BANK14  BANK15  BANK16  BANK17  BANK18  BANK19  BANK20  BANK21  BANK22  BANK23  BANK24  BANK25  BANK26  BANK27  BANK28  BANK29  BANK30  BANK31  BANK32  BANK33  BANK34  BANK35  BANK36  BANK37  BANK38  BANK39  BANK40  BANK41  BANK42  BANK43  BANK44  BANK45  BANK46  BANK47  BANK48  BANK49  BANK50
      Params:         2       0       0       0       0       0       0       0       0       0       0       0       0       0       0       0       0       0       0       0       0       0       0       0       0       0       0       0       0       0       0       0       0       0       0       0       0       0       0       0       0       0       0       0       0       0       0       0       0       0       0       0
      Locals:         1       0       0       0       0       0       0       0       0       0       0       0       0       0       0       0       0       0       0       0       0       0       0       0       0       0       0       0       0       0       0       0       0       0       0       0       0       0       0       0       0       0       0       0       0       0       0       0       0       0       0       0
      Temps:          0       0       0       0       0       0       0       0       0       0       0       0       0       0       0       0       0       0       0       0       0       0       0       0       0       0       0       0       0       0       0       0       0       0       0       0       0       0       0       0       0       0       0       0       0       0       0       0       0       0       0       0
      Totals:         3       0       0       0       0       0       0       0       0       0       0       0       0       0       0       0       0       0       0       0       0       0       0       0       0       0       0       0       0       0       0       0       0       0       0       0       0       0       0       0       0       0       0       0       0       0       0       0       0       0       0       0
Total ram usage:        3 bytes
 Hardware stack levels used:    1
 Hardware stack levels required when called:    1
 This function calls:
		_i2cProtocolSendData
		_i2cProtocolStart
		_i2cProtocolStop
 This function is called by:
		_lcdSendCommandData
		_lcdSendCharacterData
 This function uses a non-reentrant model


 *************** function _i2cProtocolStop *****************
 Defined at:
		line 26 in file "AQM0802.c"
 Parameters:    Size  Location     Type
		None
 Auto vars:     Size  Location     Type
		None
 Return value:  Size  Location     Type
                  1    wreg      void 
 Registers used:
		None
 Tracked objects:
		On entry : 
		On exit  : 
		Unchanged: 
 Data sizes:     COMMON   BANK0   BANK1   BANK2   BANK3   BANK4   BANK5   BANK6   BANK7   BANK8   BANK9  BANK10  BANK11  BANK12  BANK13  BANK14  BANK15  BANK16  BANK17  BANK18  BANK19  BANK20  BANK21  BANK22  BANK23  BANK24  BANK25  BANK26  BANK27  BANK28  BANK29  BANK30  BANK31  BANK32  BANK33  BANK34  BANK35  BANK36  BANK37  BANK38  BANK39  BANK40  BANK41  BANK42  BANK43  BANK44  BANK45  BANK46  BANK47  BANK48  BANK49  BANK50
      Params:         0       0       0       0       0       0       0       0       0       0       0       0       0       0       0       0       0       0       0       0       0       0       0       0       0       0       0       0       0       0       0       0       0       0       0       0       0       0       0       0       0       0       0       0       0       0       0       0       0       0       0       0
      Locals:         0       0       0       0       0       0       0       0       0       0       0       0       0       0       0       0       0       0       0       0       0       0       0       0       0       0       0       0       0       0       0       0       0       0       0       0       0       0       0       0       0       0       0       0       0       0       0       0       0       0       0       0
      Temps:          0       0       0       0       0       0       0       0       0       0       0       0       0       0       0       0       0       0       0       0       0       0       0       0       0       0       0       0       0       0       0       0       0       0       0       0       0       0       0       0       0       0       0       0       0       0       0       0       0       0       0       0
      Totals:         0       0       0       0       0       0       0       0       0       0       0       0       0       0       0       0       0       0       0       0       0       0       0       0       0       0       0       0       0       0       0       0       0       0       0       0       0       0       0       0       0       0       0       0       0       0       0       0       0       0       0       0
Total ram usage:        0 bytes
 Hardware stack levels used:    1
 This function calls:
		Nothing
 This function is called by:
		_lcdI2CProtocol
 This function uses a non-reentrant model


 *************** function _i2cProtocolStart *****************
 Defined at:
		line 12 in file "AQM0802.c"
 Parameters:    Size  Location     Type
		None
 Auto vars:     Size  Location     Type
		None
 Return value:  Size  Location     Type
                  1    wreg      void 
 Registers used:
		None
 Tracked objects:
		On entry : 
		On exit  : 
		Unchanged: 
 Data sizes:     COMMON   BANK0   BANK1   BANK2   BANK3   BANK4   BANK5   BANK6   BANK7   BANK8   BANK9  BANK10  BANK11  BANK12  BANK13  BANK14  BANK15  BANK16  BANK17  BANK18  BANK19  BANK20  BANK21  BANK22  BANK23  BANK24  BANK25  BANK26  BANK27  BANK28  BANK29  BANK30  BANK31  BANK32  BANK33  BANK34  BANK35  BANK36  BANK37  BANK38  BANK39  BANK40  BANK41  BANK42  BANK43  BANK44  BANK45  BANK46  BANK47  BANK48  BANK49  BANK50
      Params:         0       0       0       0       0       0       0       0       0       0       0       0       0       0       0       0       0       0       0       0       0       0       0       0       0       0       0       0       0       0       0       0       0       0       0       0       0       0       0       0       0       0       0       0       0       0       0       0       0       0       0       0
      Locals:         0       0       0       0       0       0       0       0       0       0       0       0       0       0       0       0       0       0       0       0       0       0       0       0       0       0       0       0       0       0       0       0       0       0       0       0       0       0       0       0       0       0       0       0       0       0       0       0       0       0       0       0
      Temps:          0       0       0       0       0       0       0       0       0       0       0       0       0       0       0       0       0       0       0       0       0       0       0       0       0       0       0       0       0       0       0       0       0       0       0       0       0       0       0       0       0       0       0       0       0       0       0       0       0       0       0       0
      Totals:         0       0       0       0       0       0       0       0       0       0       0       0       0       0       0       0       0       0       0       0       0       0       0       0       0       0       0       0       0       0       0       0       0       0       0       0       0       0       0       0       0       0       0       0       0       0       0       0       0       0       0       0
Total ram usage:        0 bytes
 Hardware stack levels used:    1
 This function calls:
		Nothing
 This function is called by:
		_lcdI2CProtocol
 This function uses a non-reentrant model


 *************** function _i2cProtocolSendData *****************
 Defined at:
		line 40 in file "AQM0802.c"
 Parameters:    Size  Location     Type
  data            1    wreg     unsigned char 
 Auto vars:     Size  Location     Type
  data            1    0[COMMON] unsigned char 
 Return value:  Size  Location     Type
                  1    wreg      void 
 Registers used:
		wreg
 Tracked objects:
		On entry : 
		On exit  : 
		Unchanged: 
 Data sizes:     COMMON   BANK0   BANK1   BANK2   BANK3   BANK4   BANK5   BANK6   BANK7   BANK8   BANK9  BANK10  BANK11  BANK12  BANK13  BANK14  BANK15  BANK16  BANK17  BANK18  BANK19  BANK20  BANK21  BANK22  BANK23  BANK24  BANK25  BANK26  BANK27  BANK28  BANK29  BANK30  BANK31  BANK32  BANK33  BANK34  BANK35  BANK36  BANK37  BANK38  BANK39  BANK40  BANK41  BANK42  BANK43  BANK44  BANK45  BANK46  BANK47  BANK48  BANK49  BANK50
      Params:         0       0       0       0       0       0       0       0       0       0       0       0       0       0       0       0       0       0       0       0       0       0       0       0       0       0       0       0       0       0       0       0       0       0       0       0       0       0       0       0       0       0       0       0       0       0       0       0       0       0       0       0
      Locals:         1       0       0       0       0       0       0       0       0       0       0       0       0       0       0       0       0       0       0       0       0       0       0       0       0       0       0       0       0       0       0       0       0       0       0       0       0       0       0       0       0       0       0       0       0       0       0       0       0       0       0       0
      Temps:          0       0       0       0       0       0       0       0       0       0       0       0       0       0       0       0       0       0       0       0       0       0       0       0       0       0       0       0       0       0       0       0       0       0       0       0       0       0       0       0       0       0       0       0       0       0       0       0       0       0       0       0
      Totals:         1       0       0       0       0       0       0       0       0       0       0       0       0       0       0       0       0       0       0       0       0       0       0       0       0       0       0       0       0       0       0       0       0       0       0       0       0       0       0       0       0       0       0       0       0       0       0       0       0       0       0       0
Total ram usage:        1 bytes
 Hardware stack levels used:    1
 This function calls:
		Nothing
 This function is called by:
		_lcdI2CProtocol
 This function uses a non-reentrant model


 *************** function _init *****************
 Defined at:
		line 94 in file "main.c"
 Parameters:    Size  Location     Type
		None
 Auto vars:     Size  Location     Type
		None
 Return value:  Size  Location     Type
                  1    wreg      void 
 Registers used:
		wreg, status,2, status,0
 Tracked objects:
		On entry : 
		On exit  : 
		Unchanged: 
 Data sizes:     COMMON   BANK0   BANK1   BANK2   BANK3   BANK4   BANK5   BANK6   BANK7   BANK8   BANK9  BANK10  BANK11  BANK12  BANK13  BANK14  BANK15  BANK16  BANK17  BANK18  BANK19  BANK20  BANK21  BANK22  BANK23  BANK24  BANK25  BANK26  BANK27  BANK28  BANK29  BANK30  BANK31  BANK32  BANK33  BANK34  BANK35  BANK36  BANK37  BANK38  BANK39  BANK40  BANK41  BANK42  BANK43  BANK44  BANK45  BANK46  BANK47  BANK48  BANK49  BANK50
      Params:         0       0       0       0       0       0       0       0       0       0       0       0       0       0       0       0       0       0       0       0       0       0       0       0       0       0       0       0       0       0       0       0       0       0       0       0       0       0       0       0       0       0       0       0       0       0       0       0       0       0       0       0
      Locals:         0       0       0       0       0       0       0       0       0       0       0       0       0       0       0       0       0       0       0       0       0       0       0       0       0       0       0       0       0       0       0       0       0       0       0       0       0       0       0       0       0       0       0       0       0       0       0       0       0       0       0       0
      Temps:          0       0       0       0       0       0       0       0       0       0       0       0       0       0       0       0       0       0       0       0       0       0       0       0       0       0       0       0       0       0       0       0       0       0       0       0       0       0       0       0       0       0       0       0       0       0       0       0       0       0       0       0
      Totals:         0       0       0       0       0       0       0       0       0       0       0       0       0       0       0       0       0       0       0       0       0       0       0       0       0       0       0       0       0       0       0       0       0       0       0       0       0       0       0       0       0       0       0       0       0       0       0       0       0       0       0       0
Total ram usage:        0 bytes
 Hardware stack levels used:    1
 This function calls:
		Nothing
 This function is called by:
		_main
 This function uses a non-reentrant model



MODULE INFORMATION

Module		Function		Class		Link	Load	Size
AQM0802.c
		_lcdSendCommandData		CODE           	000C	0000	15
		_lcdSendCharacterData		CODE           	0FF2	0000	14
		_putch         		CODE           	0FC9	0000	6
		_i2cProtocolStart		CODE           	0FCF	0000	11
		_i2cProtocolStop		CODE           	0FDA	0000	11
		_i2cProtocolSendData		CODE           	0FE5	0000	13
		_lcdLocateCursor		CODE           	001B	0000	15
		_lcdI2CProtocol		CODE           	002A	0000	20
		_lcdInitialize 		CODE           	0107	0000	44

AQM0802.c estimated size: 149

C:\Program Files\Microchip\xc8\v2.31\pic\sources\c99\common\isdigit.c
		_isdigit       		CODE           	0054	0000	24

C:\Program Files\Microchip\xc8\v2.31\pic\sources\c99\common\isdigit.c estimated size: 24

C:\Program Files\Microchip\xc8\v2.31\pic\sources\c99\common\nf_fputs.c
		_fputs         		CODE           	00DF	0000	40

C:\Program Files\Microchip\xc8\v2.31\pic\sources\c99\common\nf_fputs.c estimated size: 40

C:\Program Files\Microchip\xc8\v2.31\pic\sources\c99\common\printf.c
		_printf        		CODE           	003E	0000	22

C:\Program Files\Microchip\xc8\v2.31\pic\sources\c99\common\printf.c estimated size: 22

C:\Program Files\Microchip\xc8\v2.31\pic\sources\c99\common\aomod.c
		___aomod       		CODE           	033C	0000	234

C:\Program Files\Microchip\xc8\v2.31\pic\sources\c99\common\aomod.c estimated size: 234

C:\Program Files\Microchip\xc8\v2.31\pic\sources\c99\common\atoi.c
		_atoi          		CODE           	028D	0000	175

C:\Program Files\Microchip\xc8\v2.31\pic\sources\c99\common\atoi.c estimated size: 175

C:\Program Files\Microchip\xc8\v2.31\pic\sources\c99\common\abs.c
		_abs           		CODE           	0085	0000	26

C:\Program Files\Microchip\xc8\v2.31\pic\sources\c99\common\abs.c estimated size: 26

C:\Program Files\Microchip\xc8\v2.31\pic\sources\c99\common\strlen.c
		_strlen        		CODE           	006C	0000	25

C:\Program Files\Microchip\xc8\v2.31\pic\sources\c99\common\strlen.c estimated size: 25

C:\Program Files\Microchip\xc8\v2.31\pic\sources\c99\common\aodiv.c
		___aodiv       		CODE           	0426	0000	257

C:\Program Files\Microchip\xc8\v2.31\pic\sources\c99\common\aodiv.c estimated size: 257

C:\Program Files\Microchip\xc8\v2.31\pic\sources\c99\common\nf_fputc.c
		_fputc         		CODE           	0194	0000	64

C:\Program Files\Microchip\xc8\v2.31\pic\sources\c99\common\nf_fputc.c estimated size: 64

shared
		__initialization		CODE           	07E4	0000	25

shared estimated size: 25

C:\Program Files\Microchip\xc8\v2.31\pic\sources\c99\common\doprnt.c
		_vfpfcnvrt     		CODE           	0527	0000	335
		_pad           		CODE           	01D4	0000	89
		_dtoa          		CODE           	0676	0000	366
		_vfprintf      		CODE           	0163	0000	49

C:\Program Files\Microchip\xc8\v2.31\pic\sources\c99\common\doprnt.c estimated size: 839

C:\Program Files\Microchip\xc8\v2.31\pic\sources\c99\common\isspace.c
		_isspace       		CODE           	00BE	0000	33

C:\Program Files\Microchip\xc8\v2.31\pic\sources\c99\common\isspace.c estimated size: 33

C:\Program Files\Microchip\xc8\v2.31\pic\sources\c99\common\Umul16.c
		___wmul        		CODE           	009F	0000	31

C:\Program Files\Microchip\xc8\v2.31\pic\sources\c99\common\Umul16.c estimated size: 31

main.c
		_init          		CODE           	022D	0000	96
		_main          		CODE           	0133	0000	48

main.c estimated size: 144

